Archive member included because of file (symbol)

d:/djytools/ide/yagarto-gcc4.9/bin/../lib/gcc/arm-none-eabi/4.9.3/../../../../arm-none-eabi/lib/armv7-m\libg.a(lib_a-exit.o)
                              d:/djytools/ide/yagarto-gcc4.9/bin/../lib/gcc/arm-none-eabi/4.9.3/../../../../arm-none-eabi/lib/armv7-m/crt0.o (exit)
d:/djytools/ide/yagarto-gcc4.9/bin/../lib/gcc/arm-none-eabi/4.9.3/../../../../arm-none-eabi/lib/armv7-m\libg.a(lib_a-impure.o)
                              d:/djytools/ide/yagarto-gcc4.9/bin/../lib/gcc/arm-none-eabi/4.9.3/../../../../arm-none-eabi/lib/armv7-m\libg.a(lib_a-exit.o) (_global_impure_ptr)
d:/djytools/ide/yagarto-gcc4.9/bin/../lib/gcc/arm-none-eabi/4.9.3/../../../../arm-none-eabi/lib/armv7-m\libg.a(lib_a-init.o)
                              d:/djytools/ide/yagarto-gcc4.9/bin/../lib/gcc/arm-none-eabi/4.9.3/../../../../arm-none-eabi/lib/armv7-m/crt0.o (__libc_init_array)
d:/djytools/ide/yagarto-gcc4.9/bin/../lib/gcc/arm-none-eabi/4.9.3/../../../../arm-none-eabi/lib/armv7-m\libg.a(lib_a-malloc.o)
                              ./arraylist_link.o (malloc)
d:/djytools/ide/yagarto-gcc4.9/bin/../lib/gcc/arm-none-eabi/4.9.3/../../../../arm-none-eabi/lib/armv7-m\libg.a(lib_a-mallocr.o)
                              d:/djytools/ide/yagarto-gcc4.9/bin/../lib/gcc/arm-none-eabi/4.9.3/../../../../arm-none-eabi/lib/armv7-m\libg.a(lib_a-malloc.o) (_malloc_r)
d:/djytools/ide/yagarto-gcc4.9/bin/../lib/gcc/arm-none-eabi/4.9.3/../../../../arm-none-eabi/lib/armv7-m\libg.a(lib_a-memset.o)
                              d:/djytools/ide/yagarto-gcc4.9/bin/../lib/gcc/arm-none-eabi/4.9.3/../../../../arm-none-eabi/lib/armv7-m/crt0.o (memset)
d:/djytools/ide/yagarto-gcc4.9/bin/../lib/gcc/arm-none-eabi/4.9.3/../../../../arm-none-eabi/lib/armv7-m\libg.a(lib_a-mlock.o)
                              d:/djytools/ide/yagarto-gcc4.9/bin/../lib/gcc/arm-none-eabi/4.9.3/../../../../arm-none-eabi/lib/armv7-m\libg.a(lib_a-mallocr.o) (__malloc_lock)
d:/djytools/ide/yagarto-gcc4.9/bin/../lib/gcc/arm-none-eabi/4.9.3/../../../../arm-none-eabi/lib/armv7-m\libg.a(lib_a-printf.o)
                              ./arraylist_link.o (printf)
d:/djytools/ide/yagarto-gcc4.9/bin/../lib/gcc/arm-none-eabi/4.9.3/../../../../arm-none-eabi/lib/armv7-m\libg.a(lib_a-sbrkr.o)
                              d:/djytools/ide/yagarto-gcc4.9/bin/../lib/gcc/arm-none-eabi/4.9.3/../../../../arm-none-eabi/lib/armv7-m\libg.a(lib_a-mallocr.o) (_sbrk_r)
d:/djytools/ide/yagarto-gcc4.9/bin/../lib/gcc/arm-none-eabi/4.9.3/../../../../arm-none-eabi/lib/armv7-m\libg.a(lib_a-vfprintf.o)
                              d:/djytools/ide/yagarto-gcc4.9/bin/../lib/gcc/arm-none-eabi/4.9.3/../../../../arm-none-eabi/lib/armv7-m\libg.a(lib_a-printf.o) (_vfprintf_r)
d:/djytools/ide/yagarto-gcc4.9/bin/../lib/gcc/arm-none-eabi/4.9.3/../../../../arm-none-eabi/lib/armv7-m\libg.a(lib_a-wsetup.o)
                              d:/djytools/ide/yagarto-gcc4.9/bin/../lib/gcc/arm-none-eabi/4.9.3/../../../../arm-none-eabi/lib/armv7-m\libg.a(lib_a-vfprintf.o) (__swsetup_r)
d:/djytools/ide/yagarto-gcc4.9/bin/../lib/gcc/arm-none-eabi/4.9.3/../../../../arm-none-eabi/lib/armv7-m\libg.a(lib_a-__call_atexit.o)
                              d:/djytools/ide/yagarto-gcc4.9/bin/../lib/gcc/arm-none-eabi/4.9.3/../../../../arm-none-eabi/lib/armv7-m\libg.a(lib_a-exit.o) (__call_exitprocs)
d:/djytools/ide/yagarto-gcc4.9/bin/../lib/gcc/arm-none-eabi/4.9.3/../../../../arm-none-eabi/lib/armv7-m\libg.a(lib_a-atexit.o)
                              d:/djytools/ide/yagarto-gcc4.9/bin/../lib/gcc/arm-none-eabi/4.9.3/../../../../arm-none-eabi/lib/armv7-m\libg.a(lib_a-__call_atexit.o) (atexit)
d:/djytools/ide/yagarto-gcc4.9/bin/../lib/gcc/arm-none-eabi/4.9.3/../../../../arm-none-eabi/lib/armv7-m\libg.a(lib_a-dtoa.o)
                              d:/djytools/ide/yagarto-gcc4.9/bin/../lib/gcc/arm-none-eabi/4.9.3/../../../../arm-none-eabi/lib/armv7-m\libg.a(lib_a-vfprintf.o) (_dtoa_r)
d:/djytools/ide/yagarto-gcc4.9/bin/../lib/gcc/arm-none-eabi/4.9.3/../../../../arm-none-eabi/lib/armv7-m\libg.a(lib_a-fflush.o)
                              d:/djytools/ide/yagarto-gcc4.9/bin/../lib/gcc/arm-none-eabi/4.9.3/../../../../arm-none-eabi/lib/armv7-m\libg.a(lib_a-vfprintf.o) (_fflush_r)
d:/djytools/ide/yagarto-gcc4.9/bin/../lib/gcc/arm-none-eabi/4.9.3/../../../../arm-none-eabi/lib/armv7-m\libg.a(lib_a-findfp.o)
                              d:/djytools/ide/yagarto-gcc4.9/bin/../lib/gcc/arm-none-eabi/4.9.3/../../../../arm-none-eabi/lib/armv7-m\libg.a(lib_a-vfprintf.o) (__sinit)
d:/djytools/ide/yagarto-gcc4.9/bin/../lib/gcc/arm-none-eabi/4.9.3/../../../../arm-none-eabi/lib/armv7-m\libg.a(lib_a-fini.o)
                              d:/djytools/ide/yagarto-gcc4.9/bin/../lib/gcc/arm-none-eabi/4.9.3/../../../../arm-none-eabi/lib/armv7-m\libg.a(lib_a-__call_atexit.o) (__libc_fini_array)
[...]
Memory Configuration

Name             Origin             Length             Attributes
*default*        0x00000000         0xffffffff

Linker script and memory map

LOAD d:/djytools/ide/yagarto-gcc4.9/bin/../lib/gcc/arm-none-eabi/4.9.3/armv7-m/crti.o
LOAD d:/djytools/ide/yagarto-gcc4.9/bin/../lib/gcc/arm-none-eabi/4.9.3/armv7-m/crtbegin.o
LOAD d:/djytools/ide/yagarto-gcc4.9/bin/../lib/gcc/arm-none-eabi/4.9.3/../../../../arm-none-eabi/lib/armv7-m/crt0.o
LOAD ./arraylist_link.o
LOAD ./main.o
START GROUP
LOAD d:/djytools/ide/yagarto-gcc4.9/bin/../lib/gcc/arm-none-eabi/4.9.3/armv7-m\libgcc.a
LOAD d:/djytools/ide/yagarto-gcc4.9/bin/../lib/gcc/arm-none-eabi/4.9.3/../../../../arm-none-eabi/lib/armv7-m\libg.a
LOAD d:/djytools/ide/yagarto-gcc4.9/bin/../lib/gcc/arm-none-eabi/4.9.3/../../../../arm-none-eabi/lib/armv7-m\libc.a
END GROUP
LOAD d:/djytools/ide/yagarto-gcc4.9/bin/../lib/gcc/arm-none-eabi/4.9.3/armv7-m/crtend.o
LOAD d:/djytools/ide/yagarto-gcc4.9/bin/../lib/gcc/arm-none-eabi/4.9.3/armv7-m/crtn.o
                0x00008000                PROVIDE (__executable_start, 0x8000)
                0x00008000                . = 0x8000

.interp
 *(.interp)

.note.gnu.build-id
 *(.note.gnu.build-id)

.hash
 *(.hash)

.gnu.hash
 *(.gnu.hash)

.dynsym
 *(.dynsym)

.dynstr
 *(.dynstr)

.gnu.version
 *(.gnu.version)

.gnu.version_d
 *(.gnu.version_d)

.gnu.version_r
 *(.gnu.version_r)

.rel.dyn        0x00008000        0x0
 *(.rel.init)
 *(.rel.text .rel.text.* .rel.gnu.linkonce.t.*)
 *(.rel.fini)
 *(.rel.rodata .rel.rodata.* .rel.gnu.linkonce.r.*)
 *(.rel.data.rel.ro .rel.data.rel.ro.* .rel.gnu.linkonce.d.rel.ro.*)
 *(.rel.data .rel.data.* .rel.gnu.linkonce.d.*)
 *(.rel.tdata .rel.tdata.* .rel.gnu.linkonce.td.*)
 *(.rel.tbss .rel.tbss.* .rel.gnu.linkonce.tb.*)
 *(.rel.ctors)
 *(.rel.dtors)
 *(.rel.got)
 *(.rel.bss .rel.bss.* .rel.gnu.linkonce.b.*)
                0x00008000                PROVIDE (__rel_iplt_start, .)
 *(.rel.iplt)
 .rel.iplt      0x00000000        0x0 d:/djytools/ide/yagarto-gcc4.9/bin/../lib/gcc/arm-none-eabi/4.9.3/armv7-m/crtbegin.o
                0x00008000                PROVIDE (__rel_iplt_end, .)

.rela.dyn       0x00008000        0x0
 *(.rela.init)
 *(.rela.text .rela.text.* .rela.gnu.linkonce.t.*)
 *(.rela.fini)
 *(.rela.rodata .rela.rodata.* .rela.gnu.linkonce.r.*)
 *(.rela.data .rela.data.* .rela.gnu.linkonce.d.*)
 *(.rela.tdata .rela.tdata.* .rela.gnu.linkonce.td.*)
 *(.rela.tbss .rela.tbss.* .rela.gnu.linkonce.tb.*)
 *(.rela.ctors)
 *(.rela.dtors)
 *(.rela.got)
 *(.rela.bss .rela.bss.* .rela.gnu.linkonce.b.*)
                0x00008000                PROVIDE (__rela_iplt_start, .)
 *(.rela.iplt)
                0x00008000                PROVIDE (__rela_iplt_end, .)

.rel.plt
 *(.rel.plt)

.rela.plt
 *(.rela.plt)

.init           0x00008000        0xc
 *(SORT(.init))
 .init          0x00008000        0x4 d:/djytools/ide/yagarto-gcc4.9/bin/../lib/gcc/arm-none-eabi/4.9.3/armv7-m/crti.o
                0x00008000                _init
 .init          0x00008004        0x8 d:/djytools/ide/yagarto-gcc4.9/bin/../lib/gcc/arm-none-eabi/4.9.3/armv7-m/crtn.o

.plt
 *(.plt)

.iplt           0x0000800c        0x0
 *(.iplt)
 .iplt          0x00000000        0x0 d:/djytools/ide/yagarto-gcc4.9/bin/../lib/gcc/arm-none-eabi/4.9.3/armv7-m/crtbegin.o

.text           0x00008010     0x58b0
 *(.text.unlikely .text.*_unlikely .text.unlikely.*)
 *(.text.exit .text.exit.*)
 .text.exit     0x00008010       0x20 d:/djytools/ide/yagarto-gcc4.9/bin/../lib/gcc/arm-none-eabi/4.9.3/../../../../arm-none-eabi/lib/armv7-m\libg.a(lib_a-exit.o)
                0x00008010                exit
 *(.text.startup .text.startup.*)
 .text.startup.main
                0x00008030       0x46 ./main.o
                0x00008030                main
 *fill*         0x00008076        0x2 
 .text.startup.register_fini
                0x00008078       0x14 d:/djytools/ide/yagarto-gcc4.9/bin/../lib/gcc/arm-none-eabi/4.9.3/../../../../arm-none-eabi/lib/armv7-m\libg.a(lib_a-__call_atexit.o)
 *(.text.hot .text.hot.*)
 *(.text .stub .text.* .gnu.linkonce.t.*)
 .text          0x0000808c       0x5c d:/djytools/ide/yagarto-gcc4.9/bin/../lib/gcc/arm-none-eabi/4.9.3/armv7-m/crtbegin.o
 .text          0x000080e8       0x74 d:/djytools/ide/yagarto-gcc4.9/bin/../lib/gcc/arm-none-eabi/4.9.3/../../../../arm-none-eabi/lib/armv7-m/crt0.o
                0x000080e8                _start
                0x000080e8                _mainCRTStartup
 .text.arraylist_link_init
                0x0000815c       0x24 ./arraylist_link.o
                0x0000815c                arraylist_link_init
 .text.arraylist_link_add
                0x00008180       0x1e ./arraylist_link.o
                0x00008180                arraylist_link_add
 *fill*         0x0000819e        0x2 
 .text.arraylist_link_lookup
                0x000081a0       0x1c ./arraylist_link.o
                0x000081a0                arraylist_link_lookup
 .text.arraylist_link_free
                0x000081bc       0x1e ./arraylist_link.o
                0x000081bc                arraylist_link_free
 *fill*         0x000081da        0x2 
 .text.__libc_init_array
                0x000081dc       0x50 d:/djytools/ide/yagarto-gcc4.9/bin/../lib/gcc/arm-none-eabi/4.9.3/../../../../arm-none-eabi/lib/armv7-m\libg.a(lib_a-init.o)
                0x000081dc                __libc_init_array
 .text.malloc   0x0000822c       0x10 d:/djytools/ide/yagarto-gcc4.9/bin/../lib/gcc/arm-none-eabi/4.9.3/../../../../arm-none-eabi/lib/armv7-m\libg.a(lib_a-malloc.o)
                0x0000822c                malloc
 .text.free     0x0000823c       0x10 d:/djytools/ide/yagarto-gcc4.9/bin/../lib/gcc/arm-none-eabi/4.9.3/../../../../arm-none-eabi/lib/armv7-m\libg.a(lib_a-malloc.o)
                0x0000823c                free
 .text._malloc_r
                0x0000824c      0x504 d:/djytools/ide/yagarto-gcc4.9/bin/../lib/gcc/arm-none-eabi/4.9.3/../../../../arm-none-eabi/lib/armv7-m\libg.a(lib_a-mallocr.o)
                0x0000824c                _malloc_r
 .text.memset   0x00008750       0x9c d:/djytools/ide/yagarto-gcc4.9/bin/../lib/gcc/arm-none-eabi/4.9.3/../../../../arm-none-eabi/lib/armv7-m\libg.a(lib_a-memset.o)
                0x00008750                memset
 .text.__malloc_lock
                0x000087ec        0x4 d:/djytools/ide/yagarto-gcc4.9/bin/../lib/gcc/arm-none-eabi/4.9.3/../../../../arm-none-eabi/lib/armv7-m\libg.a(lib_a-mlock.o)
                0x000087ec                __malloc_lock
 .text.__malloc_unlock
                0x000087f0        0x4 d:/djytools/ide/yagarto-gcc4.9/bin/../lib/gcc/arm-none-eabi/4.9.3/../../../../arm-none-eabi/lib/armv7-m\libg.a(lib_a-mlock.o)
                0x000087f0                __malloc_unlock
 .text.printf   0x000087f4       0x28 d:/djytools/ide/yagarto-gcc4.9/bin/../lib/gcc/arm-none-eabi/4.9.3/../../../../arm-none-eabi/lib/armv7-m\libg.a(lib_a-printf.o)
                0x000087f4                printf
 .text._sbrk_r  0x0000881c       0x24 d:/djytools/ide/yagarto-gcc4.9/bin/../lib/gcc/arm-none-eabi/4.9.3/../../../../arm-none-eabi/lib/armv7-m\libg.a(lib_a-sbrkr.o)
                0x0000881c                _sbrk_r
 .text._vfprintf_r
                0x00008840     0x1448 d:/djytools/ide/yagarto-gcc4.9/bin/../lib/gcc/arm-none-eabi/4.9.3/../../../../arm-none-eabi/lib/armv7-m\libg.a(lib_a-vfprintf.o)
                0x00008840                _vfprintf_r
 .text.__sbprintf
                0x00009c88       0x7c d:/djytools/ide/yagarto-gcc4.9/bin/../lib/gcc/arm-none-eabi/4.9.3/../../../../arm-none-eabi/lib/armv7-m\libg.a(lib_a-vfprintf.o)
 .text.__swsetup_r
                0x00009d04       0xc4 d:/djytools/ide/yagarto-gcc4.9/bin/../lib/gcc/arm-none-eabi/4.9.3/../../../../arm-none-eabi/lib/armv7-m\libg.a(lib_a-wsetup.o)
                0x00009d04                __swsetup_r
 .text.__call_exitprocs
                0x00009dc8       0xd4 d:/djytools/ide/yagarto-gcc4.9/bin/../lib/gcc/arm-none-eabi/4.9.3/../../../../arm-none-eabi/lib/armv7-m\libg.a(lib_a-__call_atexit.o)
                0x00009dc8                __call_exitprocs
 .text.atexit   0x00009e9c        0xc d:/djytools/ide/yagarto-gcc4.9/bin/../lib/gcc/arm-none-eabi/4.9.3/../../../../arm-none-eabi/lib/armv7-m\libg.a(lib_a-atexit.o)
                0x00009e9c                atexit
 .text.quorem   0x00009ea8      0x130 d:/djytools/ide/yagarto-gcc4.9/bin/../lib/gcc/arm-none-eabi/4.9.3/../../../../arm-none-eabi/lib/armv7-m\libg.a(lib_a-dtoa.o)
 .text._dtoa_r  0x00009fd8      0xea8 d:/djytools/ide/yagarto-gcc4.9/bin/../lib/gcc/arm-none-eabi/4.9.3/../../../../arm-none-eabi/lib/armv7-m\libg.a(lib_a-dtoa.o)
                0x00009fd8                _dtoa_r
 .text.__sflush_r
                0x0000ae80      0x148 d:/djytools/ide/yagarto-gcc4.9/bin/../lib/gcc/arm-none-eabi/4.9.3/../../../../arm-none-eabi/lib/armv7-m\libg.a(lib_a-fflush.o)
                0x0000ae80                __sflush_r
 .text._fflush_r
                0x0000afc8       0x2c d:/djytools/ide/yagarto-gcc4.9/bin/../lib/gcc/arm-none-eabi/4.9.3/../../../../arm-none-eabi/lib/armv7-m\libg.a(lib_a-fflush.o)
                0x0000afc8                _fflush_r
 .text._cleanup_r
                0x0000aff4        0xc d:/djytools/ide/yagarto-gcc4.9/bin/../lib/gcc/arm-none-eabi/4.9.3/../../../../arm-none-eabi/lib/armv7-m\libg.a(lib_a-findfp.o)
                0x0000aff4                _cleanup_r
 .text.__sinit.part.1
                0x0000b000       0xf0 d:/djytools/ide/yagarto-gcc4.9/bin/../lib/gcc/arm-none-eabi/4.9.3/../../../../arm-none-eabi/lib/armv7-m\libg.a(lib_a-findfp.o)
 .text.__sinit  0x0000b0f0        0xc d:/djytools/ide/yagarto-gcc4.9/bin/../lib/gcc/arm-none-eabi/4.9.3/../../../../arm-none-eabi/lib/armv7-m\libg.a(lib_a-findfp.o)
                0x0000b0f0                __sinit
 .text.__sfp_lock_acquire
                0x0000b0fc        0x4 d:/djytools/ide/yagarto-gcc4.9/bin/../lib/gcc/arm-none-eabi/4.9.3/../../../../arm-none-eabi/lib/armv7-m\libg.a(lib_a-findfp.o)
                0x0000b0fc                __sfp_lock_acquire
 .text.__sfp_lock_release
                0x0000b100        0x4 d:/djytools/ide/yagarto-gcc4.9/bin/../lib/gcc/arm-none-eabi/4.9.3/../../../../arm-none-eabi/lib/armv7-m\libg.a(lib_a-findfp.o)
                0x0000b100                __sfp_lock_release
 .text.__libc_fini_array
                0x0000b104       0x2c d:/djytools/ide/yagarto-gcc4.9/bin/../lib/gcc/arm-none-eabi/4.9.3/../../../../arm-none-eabi/lib/armv7-m\libg.a(lib_a-fini.o)
                0x0000b104                __libc_fini_array
 .text._malloc_trim_r
                0x0000b130       0x9c d:/djytools/ide/yagarto-gcc4.9/bin/../lib/gcc/arm-none-eabi/4.9.3/../../../../arm-none-eabi/lib/armv7-m\libg.a(lib_a-freer.o)
                0x0000b130                _malloc_trim_r
 .text._free_r  0x0000b1cc      0x1b0 d:/djytools/ide/yagarto-gcc4.9/bin/../lib/gcc/arm-none-eabi/4.9.3/../../../../arm-none-eabi/lib/armv7-m\libg.a(lib_a-freer.o)
                0x0000b1cc                _free_r
 .text._fwalk_reent
                0x0000b37c       0x50 d:/djytools/ide/yagarto-gcc4.9/bin/../lib/gcc/arm-none-eabi/4.9.3/../../../../arm-none-eabi/lib/armv7-m\libg.a(lib_a-fwalk.o)
                0x0000b37c                _fwalk_reent
 .text.__locale_charset
                0x0000b3cc        0x8 d:/djytools/ide/yagarto-gcc4.9/bin/../lib/gcc/arm-none-eabi/4.9.3/../../../../arm-none-eabi/lib/armv7-m\libg.a(lib_a-locale.o)
                0x0000b3cc                __locale_charset
 .text.__locale_mb_cur_max
                0x0000b3d4        0xc d:/djytools/ide/yagarto-gcc4.9/bin/../lib/gcc/arm-none-eabi/4.9.3/../../../../arm-none-eabi/lib/armv7-m\libg.a(lib_a-locale.o)
                0x0000b3d4                __locale_mb_cur_max
 .text._localeconv_r
                0x0000b3e0        0x8 d:/djytools/ide/yagarto-gcc4.9/bin/../lib/gcc/arm-none-eabi/4.9.3/../../../../arm-none-eabi/lib/armv7-m\libg.a(lib_a-locale.o)
                0x0000b3e0                _localeconv_r
 .text.__smakebuf_r
                0x0000b3e8       0xe0 d:/djytools/ide/yagarto-gcc4.9/bin/../lib/gcc/arm-none-eabi/4.9.3/../../../../arm-none-eabi/lib/armv7-m\libg.a(lib_a-makebuf.o)
                0x0000b3e8                __smakebuf_r
 .text.memchr   0x0000b4c8       0x94 d:/djytools/ide/yagarto-gcc4.9/bin/../lib/gcc/arm-none-eabi/4.9.3/../../../../arm-none-eabi/lib/armv7-m\libg.a(lib_a-memchr.o)
                0x0000b4c8                memchr
 .text          0x0000b55c       0xec d:/djytools/ide/yagarto-gcc4.9/bin/../lib/gcc/arm-none-eabi/4.9.3/../../../../arm-none-eabi/lib/armv7-m\libg.a(lib_a-memcpy.o)
                0x0000b55c                memcpy
 .text._Balloc  0x0000b648       0x50 d:/djytools/ide/yagarto-gcc4.9/bin/../lib/gcc/arm-none-eabi/4.9.3/../../../../arm-none-eabi/lib/armv7-m\libg.a(lib_a-mprec.o)
                0x0000b648                _Balloc
 .text._Bfree   0x0000b698       0x14 d:/djytools/ide/yagarto-gcc4.9/bin/../lib/gcc/arm-none-eabi/4.9.3/../../../../arm-none-eabi/lib/armv7-m\libg.a(lib_a-mprec.o)
                0x0000b698                _Bfree
 .text.__multadd
                0x0000b6ac       0x84 d:/djytools/ide/yagarto-gcc4.9/bin/../lib/gcc/arm-none-eabi/4.9.3/../../../../arm-none-eabi/lib/armv7-m\libg.a(lib_a-mprec.o)
                0x0000b6ac                __multadd
 .text.__hi0bits
                0x0000b730       0x40 d:/djytools/ide/yagarto-gcc4.9/bin/../lib/gcc/arm-none-eabi/4.9.3/../../../../arm-none-eabi/lib/armv7-m\libg.a(lib_a-mprec.o)
                0x0000b730                __hi0bits
 .text.__lo0bits
                0x0000b770       0x5c d:/djytools/ide/yagarto-gcc4.9/bin/../lib/gcc/arm-none-eabi/4.9.3/../../../../arm-none-eabi/lib/armv7-m\libg.a(lib_a-mprec.o)
                0x0000b770                __lo0bits
 .text.__i2b    0x0000b7cc       0x14 d:/djytools/ide/yagarto-gcc4.9/bin/../lib/gcc/arm-none-eabi/4.9.3/../../../../arm-none-eabi/lib/armv7-m\libg.a(lib_a-mprec.o)
                0x0000b7cc                __i2b
 .text.__multiply
                0x0000b7e0      0x140 d:/djytools/ide/yagarto-gcc4.9/bin/../lib/gcc/arm-none-eabi/4.9.3/../../../../arm-none-eabi/lib/armv7-m\libg.a(lib_a-mprec.o)
                0x0000b7e0                __multiply
 .text.__pow5mult
                0x0000b920       0xa0 d:/djytools/ide/yagarto-gcc4.9/bin/../lib/gcc/arm-none-eabi/4.9.3/../../../../arm-none-eabi/lib/armv7-m\libg.a(lib_a-mprec.o)
                0x0000b920                __pow5mult
 .text.__lshift
                0x0000b9c0       0xb0 d:/djytools/ide/yagarto-gcc4.9/bin/../lib/gcc/arm-none-eabi/4.9.3/../../../../arm-none-eabi/lib/armv7-m\libg.a(lib_a-mprec.o)
                0x0000b9c0                __lshift
 .text.__mcmp   0x0000ba70       0x48 d:/djytools/ide/yagarto-gcc4.9/bin/../lib/gcc/arm-none-eabi/4.9.3/../../../../arm-none-eabi/lib/armv7-m\libg.a(lib_a-mprec.o)
                0x0000ba70                __mcmp
 .text.__mdiff  0x0000bab8       0xe4 d:/djytools/ide/yagarto-gcc4.9/bin/../lib/gcc/arm-none-eabi/4.9.3/../../../../arm-none-eabi/lib/armv7-m\libg.a(lib_a-mprec.o)
                0x0000bab8                __mdiff
 .text.__d2b    0x0000bb9c       0xa8 d:/djytools/ide/yagarto-gcc4.9/bin/../lib/gcc/arm-none-eabi/4.9.3/../../../../arm-none-eabi/lib/armv7-m\libg.a(lib_a-mprec.o)
                0x0000bb9c                __d2b
 .text.__fpclassifyd
                0x0000bc44       0x58 d:/djytools/ide/yagarto-gcc4.9/bin/../lib/gcc/arm-none-eabi/4.9.3/../../../../arm-none-eabi/lib/armv7-m\libg.a(lib_a-s_fpclassify.o)
                0x0000bc44                __fpclassifyd
 .text.__sread  0x0000bc9c       0x24 d:/djytools/ide/yagarto-gcc4.9/bin/../lib/gcc/arm-none-eabi/4.9.3/../../../../arm-none-eabi/lib/armv7-m\libg.a(lib_a-stdio.o)
                0x0000bc9c                __sread
 .text.__swrite
                0x0000bcc0       0x38 d:/djytools/ide/yagarto-gcc4.9/bin/../lib/gcc/arm-none-eabi/4.9.3/../../../../arm-none-eabi/lib/armv7-m\libg.a(lib_a-stdio.o)
                0x0000bcc0                __swrite
 .text.__sseek  0x0000bcf8       0x20 d:/djytools/ide/yagarto-gcc4.9/bin/../lib/gcc/arm-none-eabi/4.9.3/../../../../arm-none-eabi/lib/armv7-m\libg.a(lib_a-stdio.o)
                0x0000bcf8                __sseek
 .text.__sclose
                0x0000bd18        0x8 d:/djytools/ide/yagarto-gcc4.9/bin/../lib/gcc/arm-none-eabi/4.9.3/../../../../arm-none-eabi/lib/armv7-m\libg.a(lib_a-stdio.o)
                0x0000bd18                __sclose
 .text.strlen   0x0000bd20       0x5c d:/djytools/ide/yagarto-gcc4.9/bin/../lib/gcc/arm-none-eabi/4.9.3/../../../../arm-none-eabi/lib/armv7-m\libg.a(lib_a-strlen.o)
                0x0000bd20                strlen
 .text.__sprint_r.part.0
                0x0000bd7c       0x78 d:/djytools/ide/yagarto-gcc4.9/bin/../lib/gcc/arm-none-eabi/4.9.3/../../../../arm-none-eabi/lib/armv7-m\libg.a(lib_a-vfiprintf.o)
 .text.__sprint_r
                0x0000bdf4       0x18 d:/djytools/ide/yagarto-gcc4.9/bin/../lib/gcc/arm-none-eabi/4.9.3/../../../../arm-none-eabi/lib/armv7-m\libg.a(lib_a-vfiprintf.o)
                0x0000bdf4                __sprint_r
 .text._write_r
                0x0000be0c       0x28 d:/djytools/ide/yagarto-gcc4.9/bin/../lib/gcc/arm-none-eabi/4.9.3/../../../../arm-none-eabi/lib/armv7-m\libg.a(lib_a-writer.o)
                0x0000be0c                _write_r
 .text.__register_exitproc
                0x0000be34       0xa4 d:/djytools/ide/yagarto-gcc4.9/bin/../lib/gcc/arm-none-eabi/4.9.3/../../../../arm-none-eabi/lib/armv7-m\libg.a(lib_a-__atexit.o)
                0x0000be34                __register_exitproc
 .text._calloc_r
                0x0000bed8       0x60 d:/djytools/ide/yagarto-gcc4.9/bin/../lib/gcc/arm-none-eabi/4.9.3/../../../../arm-none-eabi/lib/armv7-m\libg.a(lib_a-callocr.o)
                0x0000bed8                _calloc_r
 .text._close_r
                0x0000bf38       0x24 d:/djytools/ide/yagarto-gcc4.9/bin/../lib/gcc/arm-none-eabi/4.9.3/../../../../arm-none-eabi/lib/armv7-m\libg.a(lib_a-closer.o)
                0x0000bf38                _close_r
 .text._fclose_r
                0x0000bf5c       0x84 d:/djytools/ide/yagarto-gcc4.9/bin/../lib/gcc/arm-none-eabi/4.9.3/../../../../arm-none-eabi/lib/armv7-m\libg.a(lib_a-fclose.o)
                0x0000bf5c                _fclose_r
 .text._fputwc_r
                0x0000bfe0       0xc4 d:/djytools/ide/yagarto-gcc4.9/bin/../lib/gcc/arm-none-eabi/4.9.3/../../../../arm-none-eabi/lib/armv7-m\libg.a(lib_a-fputwc.o)
                0x0000bfe0                _fputwc_r
 .text._fstat_r
                0x0000c0a4       0x28 d:/djytools/ide/yagarto-gcc4.9/bin/../lib/gcc/arm-none-eabi/4.9.3/../../../../arm-none-eabi/lib/armv7-m\libg.a(lib_a-fstatr.o)
                0x0000c0a4                _fstat_r
 .text.__sfvwrite_r
                0x0000c0cc      0x320 d:/djytools/ide/yagarto-gcc4.9/bin/../lib/gcc/arm-none-eabi/4.9.3/../../../../arm-none-eabi/lib/armv7-m\libg.a(lib_a-fvwrite.o)
                0x0000c0cc                __sfvwrite_r
 .text._isatty_r
                0x0000c3ec       0x24 d:/djytools/ide/yagarto-gcc4.9/bin/../lib/gcc/arm-none-eabi/4.9.3/../../../../arm-none-eabi/lib/armv7-m\libg.a(lib_a-isattyr.o)
                0x0000c3ec                _isatty_r
 .text._lseek_r
                0x0000c410       0x28 d:/djytools/ide/yagarto-gcc4.9/bin/../lib/gcc/arm-none-eabi/4.9.3/../../../../arm-none-eabi/lib/armv7-m\libg.a(lib_a-lseekr.o)
                0x0000c410                _lseek_r
 .text.memmove  0x0000c438       0xc8 d:/djytools/ide/yagarto-gcc4.9/bin/../lib/gcc/arm-none-eabi/4.9.3/../../../../arm-none-eabi/lib/armv7-m\libg.a(lib_a-memmove.o)
                0x0000c438                memmove
 .text._read_r  0x0000c500       0x28 d:/djytools/ide/yagarto-gcc4.9/bin/../lib/gcc/arm-none-eabi/4.9.3/../../../../arm-none-eabi/lib/armv7-m\libg.a(lib_a-readr.o)
                0x0000c500                _read_r
 .text._realloc_r
                0x0000c528      0x3e0 d:/djytools/ide/yagarto-gcc4.9/bin/../lib/gcc/arm-none-eabi/4.9.3/../../../../arm-none-eabi/lib/armv7-m\libg.a(lib_a-reallocr.o)
                0x0000c528                _realloc_r
 .text.__swbuf_r
                0x0000c908       0xa8 d:/djytools/ide/yagarto-gcc4.9/bin/../lib/gcc/arm-none-eabi/4.9.3/../../../../arm-none-eabi/lib/armv7-m\libg.a(lib_a-wbuf.o)
                0x0000c908                __swbuf_r
 .text._wcrtomb_r
                0x0000c9b0       0x54 d:/djytools/ide/yagarto-gcc4.9/bin/../lib/gcc/arm-none-eabi/4.9.3/../../../../arm-none-eabi/lib/armv7-m\libg.a(lib_a-wcrtomb.o)
                0x0000c9b0                _wcrtomb_r
 .text.__ascii_wctomb
                0x0000ca04       0x1c d:/djytools/ide/yagarto-gcc4.9/bin/../lib/gcc/arm-none-eabi/4.9.3/../../../../arm-none-eabi/lib/armv7-m\libg.a(lib_a-wctomb_r.o)
                0x0000ca04                __ascii_wctomb
 .text          0x0000ca20      0x370 d:/djytools/ide/yagarto-gcc4.9/bin/../lib/gcc/arm-none-eabi/4.9.3/armv7-m\libgcc.a(_arm_addsubdf3.o)
                0x0000ca20                __aeabi_drsub
                0x0000ca28                __aeabi_dsub
                0x0000ca28                __subdf3
                0x0000ca2c                __aeabi_dadd
                0x0000ca2c                __adddf3
                0x0000cca4                __floatunsidf
                0x0000cca4                __aeabi_ui2d
                0x0000ccc4                __floatsidf
                0x0000ccc4                __aeabi_i2d
                0x0000cce8                __aeabi_f2d
                0x0000cce8                __extendsfdf2
                0x0000cd24                __floatundidf
                0x0000cd24                __aeabi_ul2d
                0x0000cd34                __floatdidf
                0x0000cd34                __aeabi_l2d
 .text          0x0000cd90      0x424 d:/djytools/ide/yagarto-gcc4.9/bin/../lib/gcc/arm-none-eabi/4.9.3/armv7-m\libgcc.a(_arm_muldivdf3.o)
                0x0000cd90                __aeabi_dmul
                0x0000cd90                __muldf3
                0x0000cfe4                __divdf3
                0x0000cfe4                __aeabi_ddiv
 .text          0x0000d1b4      0x110 d:/djytools/ide/yagarto-gcc4.9/bin/../lib/gcc/arm-none-eabi/4.9.3/armv7-m\libgcc.a(_arm_cmpdf2.o)
                0x0000d1b4                __gtdf2
                0x0000d1b4                __gedf2
                0x0000d1bc                __ltdf2
                0x0000d1bc                __ledf2
                0x0000d1c4                __nedf2
                0x0000d1c4                __eqdf2
                0x0000d1c4                __cmpdf2
                0x0000d240                __aeabi_cdrcmple
                0x0000d250                __aeabi_cdcmpeq
                0x0000d250                __aeabi_cdcmple
                0x0000d260                __aeabi_dcmpeq
                0x0000d274                __aeabi_dcmplt
                0x0000d288                __aeabi_dcmple
                0x0000d29c                __aeabi_dcmpge
                0x0000d2b0                __aeabi_dcmpgt
 .text          0x0000d2c4       0x50 d:/djytools/ide/yagarto-gcc4.9/bin/../lib/gcc/arm-none-eabi/4.9.3/armv7-m\libgcc.a(_arm_fixdfsi.o)
                0x0000d2c4                __aeabi_d2iz
                0x0000d2c4                __fixdfsi
 .text          0x0000d314       0x2c d:/djytools/ide/yagarto-gcc4.9/bin/../lib/gcc/arm-none-eabi/4.9.3/armv7-m\libgcc.a(_aeabi_uldivmod.o)
                0x0000d314                __aeabi_uldivmod
 .text          0x0000d340       0x60 d:/djytools/ide/yagarto-gcc4.9/bin/../lib/gcc/arm-none-eabi/4.9.3/armv7-m\libgcc.a(bpabi.o)
                0x0000d340                __gnu_ldivmod_helper
                0x0000d370                __gnu_uldivmod_helper
 .text          0x0000d3a0        0x4 d:/djytools/ide/yagarto-gcc4.9/bin/../lib/gcc/arm-none-eabi/4.9.3/armv7-m\libgcc.a(_dvmd_tls.o)
                0x0000d3a0                __aeabi_idiv0
                0x0000d3a0                __aeabi_ldiv0
 .text          0x0000d3a4      0x2ac d:/djytools/ide/yagarto-gcc4.9/bin/../lib/gcc/arm-none-eabi/4.9.3/armv7-m\libgcc.a(_divdi3.o)
                0x0000d3a4                __divdi3
 .text          0x0000d650      0x270 d:/djytools/ide/yagarto-gcc4.9/bin/../lib/gcc/arm-none-eabi/4.9.3/armv7-m\libgcc.a(_udivdi3.o)
                0x0000d650                __udivdi3
 *(.gnu.warning)
 *(.glue_7t)
 .glue_7t       0x00000000        0x0 linker stubs
 *(.glue_7)
 .glue_7        0x00000000        0x0 linker stubs
 *(.vfp11_veneer)
 .vfp11_veneer  0x00000000        0x0 linker stubs
 *(.v4_bx)
 .v4_bx         0x00000000        0x0 linker stubs

.fini           0x0000d8c0        0xc
 *(SORT(.fini))
 .fini          0x0000d8c0        0x4 d:/djytools/ide/yagarto-gcc4.9/bin/../lib/gcc/arm-none-eabi/4.9.3/armv7-m/crti.o
                0x0000d8c0                _fini
 .fini          0x0000d8c4        0x8 d:/djytools/ide/yagarto-gcc4.9/bin/../lib/gcc/arm-none-eabi/4.9.3/armv7-m/crtn.o
                0x0000d8cc                PROVIDE (__etext, .)
                0x0000d8cc                PROVIDE (_etext, .)
                0x0000d8cc                PROVIDE (etext, .)

.rodata         0x0000d8d0      0x18c
 *(.rodata .rodata.* .gnu.linkonce.r.*)
 .rodata.str1.1
                0x0000d8d0        0x2 ./arraylist_link.o
 *fill*         0x0000d8d2        0x2 
 .rodata.str1.4
                0x0000d8d4        0x2 d:/djytools/ide/yagarto-gcc4.9/bin/../lib/gcc/arm-none-eabi/4.9.3/../../../../arm-none-eabi/lib/armv7-m\libg.a(lib_a-impure.o)
                                  0x4 (size before relaxing)
 *fill*         0x0000d8d6        0x2 
 .rodata._global_impure_ptr
                0x0000d8d8        0x4 d:/djytools/ide/yagarto-gcc4.9/bin/../lib/gcc/arm-none-eabi/4.9.3/../../../../arm-none-eabi/lib/armv7-m\libg.a(lib_a-impure.o)
                0x0000d8d8                _global_impure_ptr
 .rodata.zeroes.6810
                0x0000d8dc       0x10 d:/djytools/ide/yagarto-gcc4.9/bin/../lib/gcc/arm-none-eabi/4.9.3/../../../../arm-none-eabi/lib/armv7-m\libg.a(lib_a-vfprintf.o)
 .rodata.str1.4
                0x0000d8ec       0x42 d:/djytools/ide/yagarto-gcc4.9/bin/../lib/gcc/arm-none-eabi/4.9.3/../../../../arm-none-eabi/lib/armv7-m\libg.a(lib_a-vfprintf.o)
                                 0x44 (size before relaxing)
 *fill*         0x0000d92e        0x2 
 .rodata.blanks.6809
                0x0000d930       0x10 d:/djytools/ide/yagarto-gcc4.9/bin/../lib/gcc/arm-none-eabi/4.9.3/../../../../arm-none-eabi/lib/armv7-m\libg.a(lib_a-vfprintf.o)
 .rodata.str1.4
                0x0000d940       0x10 d:/djytools/ide/yagarto-gcc4.9/bin/../lib/gcc/arm-none-eabi/4.9.3/../../../../arm-none-eabi/lib/armv7-m\libg.a(lib_a-dtoa.o)
                                 0x14 (size before relaxing)
 .rodata.str1.4
                0x0000d950        0xc d:/djytools/ide/yagarto-gcc4.9/bin/../lib/gcc/arm-none-eabi/4.9.3/../../../../arm-none-eabi/lib/armv7-m\libg.a(lib_a-locale.o)
                                 0x14 (size before relaxing)
 *fill*         0x0000d95c        0x4 
 .rodata.__mprec_tens
                0x0000d960       0xc8 d:/djytools/ide/yagarto-gcc4.9/bin/../lib/gcc/arm-none-eabi/4.9.3/../../../../arm-none-eabi/lib/armv7-m\libg.a(lib_a-mprec.o)
                0x0000d960                __mprec_tens
 .rodata.__mprec_bigtens
                0x0000da28       0x28 d:/djytools/ide/yagarto-gcc4.9/bin/../lib/gcc/arm-none-eabi/4.9.3/../../../../arm-none-eabi/lib/armv7-m\libg.a(lib_a-mprec.o)
                0x0000da28                __mprec_bigtens
 .rodata.p05.5265
                0x0000da50        0xc d:/djytools/ide/yagarto-gcc4.9/bin/../lib/gcc/arm-none-eabi/4.9.3/../../../../arm-none-eabi/lib/armv7-m\libg.a(lib_a-mprec.o)

.rodata1
 *(.rodata1)

.ARM.extab
 *(.ARM.extab* .gnu.linkonce.armextab.*)
                0x0000da5c                PROVIDE (__exidx_start, .)

.ARM.exidx      0x0000da5c        0x8
 *(.ARM.exidx* .gnu.linkonce.armexidx.*)
 .ARM.exidx     0x0000da5c        0x8 d:/djytools/ide/yagarto-gcc4.9/bin/../lib/gcc/arm-none-eabi/4.9.3/../../../../arm-none-eabi/lib/armv7-m/crt0.o
 .ARM.exidx     0x0000da64        0x0 d:/djytools/ide/yagarto-gcc4.9/bin/../lib/gcc/arm-none-eabi/4.9.3/armv7-m\libgcc.a(_divdi3.o)
                                  0x8 (size before relaxing)
 .ARM.exidx     0x0000da64        0x0 d:/djytools/ide/yagarto-gcc4.9/bin/../lib/gcc/arm-none-eabi/4.9.3/armv7-m\libgcc.a(_udivdi3.o)
                                  0x8 (size before relaxing)
                0x0000da64                PROVIDE (__exidx_end, .)

.eh_frame_hdr
 *(.eh_frame_hdr)

.eh_frame       0x0000da64        0x4
 *(.eh_frame)
 .eh_frame      0x0000da64        0x0 d:/djytools/ide/yagarto-gcc4.9/bin/../lib/gcc/arm-none-eabi/4.9.3/armv7-m/crtbegin.o
 .eh_frame      0x0000da64        0x0 d:/djytools/ide/yagarto-gcc4.9/bin/../lib/gcc/arm-none-eabi/4.9.3/../../../../arm-none-eabi/lib/armv7-m\libg.a(lib_a-strcmp.o)
                                 0x38 (size before relaxing)
 .eh_frame      0x0000da64        0x4 d:/djytools/ide/yagarto-gcc4.9/bin/../lib/gcc/arm-none-eabi/4.9.3/armv7-m/crtend.o

.gcc_except_table
 *(.gcc_except_table .gcc_except_table.*)

.exception_ranges
 *(.exception_ranges .exception_ranges*)
                0x00015a68                . = (ALIGN (0x8000) + (. & 0x7fff))

.eh_frame
 *(.eh_frame)

.gcc_except_table
 *(.gcc_except_table .gcc_except_table.*)

.exception_ranges
 *(.exception_ranges .exception_ranges*)

.tdata
 *(.tdata .tdata.* .gnu.linkonce.td.*)

.tbss
 *(.tbss .tbss.* .gnu.linkonce.tb.*)
 *(.tcommon)

.preinit_array  0x00015a68        0x0
                0x00015a68                PROVIDE (__preinit_array_start, .)
 *(.preinit_array)
                0x00015a68                PROVIDE (__preinit_array_end, .)

.init_array     0x00015a68        0x8
                0x00015a68                PROVIDE (__init_array_start, .)
 *(SORT(.init_array.*))
 .init_array.00000
                0x00015a68        0x4 d:/djytools/ide/yagarto-gcc4.9/bin/../lib/gcc/arm-none-eabi/4.9.3/../../../../arm-none-eabi/lib/armv7-m\libg.a(lib_a-__call_atexit.o)
 *(.init_array)
 .init_array    0x00015a6c        0x4 d:/djytools/ide/yagarto-gcc4.9/bin/../lib/gcc/arm-none-eabi/4.9.3/armv7-m/crtbegin.o
                0x00015a70                PROVIDE (__init_array_end, .)

.fini_array     0x00015a70        0x4
                0x00015a70                PROVIDE (__fini_array_start, .)
 *(SORT(.fini_array.*))
 *(.fini_array)
 .fini_array    0x00015a70        0x4 d:/djytools/ide/yagarto-gcc4.9/bin/../lib/gcc/arm-none-eabi/4.9.3/armv7-m/crtbegin.o
                0x00015a74                PROVIDE (__fini_array_end, .)

.ctors
 *crtbegin.o(.ctors)
 *crtbegin?.o(.ctors)
 *(EXCLUDE_FILE(*crtend?.o *crtend.o) .ctors)
 *(SORT(.ctors.*))
 *(.ctors)

.dtors
 *crtbegin.o(.dtors)
 *crtbegin?.o(.dtors)
 *(EXCLUDE_FILE(*crtend?.o *crtend.o) .dtors)
 *(SORT(.dtors.*))
 *(.dtors)

.jcr            0x00015a74        0x4
 *(.jcr)
 .jcr           0x00015a74        0x0 d:/djytools/ide/yagarto-gcc4.9/bin/../lib/gcc/arm-none-eabi/4.9.3/armv7-m/crtbegin.o
 .jcr           0x00015a74        0x4 d:/djytools/ide/yagarto-gcc4.9/bin/../lib/gcc/arm-none-eabi/4.9.3/armv7-m/crtend.o

.data.rel.ro
 *(.data.rel.ro.local* .gnu.linkonce.d.rel.ro.local.*)
 *(.data.rel.ro .data.rel.ro.* .gnu.linkonce.d.rel.ro.*)

.dynamic
 *(.dynamic)

.got            0x00015a78        0x0
 *(.got.plt)
 *(.igot.plt)
 .igot.plt      0x00000000        0x0 d:/djytools/ide/yagarto-gcc4.9/bin/../lib/gcc/arm-none-eabi/4.9.3/armv7-m/crtbegin.o
 *(.got)
 *(.igot)

.data           0x00015a78      0x89c
                0x00015a78                __data_start = .
 *(.data .data.* .gnu.linkonce.d.*)
 .data.impure_data
                0x00015a78      0x428 d:/djytools/ide/yagarto-gcc4.9/bin/../lib/gcc/arm-none-eabi/4.9.3/../../../../arm-none-eabi/lib/armv7-m\libg.a(lib_a-impure.o)
 .data._impure_ptr
                0x00015ea0        0x4 d:/djytools/ide/yagarto-gcc4.9/bin/../lib/gcc/arm-none-eabi/4.9.3/../../../../arm-none-eabi/lib/armv7-m\libg.a(lib_a-impure.o)
                0x00015ea0                _impure_ptr
 .data.__malloc_av_
                0x00015ea4      0x408 d:/djytools/ide/yagarto-gcc4.9/bin/../lib/gcc/arm-none-eabi/4.9.3/../../../../arm-none-eabi/lib/armv7-m\libg.a(lib_a-mallocr.o)
                0x00015ea4                __malloc_av_
 .data.__malloc_trim_threshold
                0x000162ac        0x4 d:/djytools/ide/yagarto-gcc4.9/bin/../lib/gcc/arm-none-eabi/4.9.3/../../../../arm-none-eabi/lib/armv7-m\libg.a(lib_a-mallocr.o)
                0x000162ac                __malloc_trim_threshold
 .data.__malloc_sbrk_base
                0x000162b0        0x4 d:/djytools/ide/yagarto-gcc4.9/bin/../lib/gcc/arm-none-eabi/4.9.3/../../../../arm-none-eabi/lib/armv7-m\libg.a(lib_a-mallocr.o)
                0x000162b0                __malloc_sbrk_base
 .data.lconv    0x000162b4       0x38 d:/djytools/ide/yagarto-gcc4.9/bin/../lib/gcc/arm-none-eabi/4.9.3/../../../../arm-none-eabi/lib/armv7-m\libg.a(lib_a-locale.o)
 .data.lc_ctype_charset
                0x000162ec       0x20 d:/djytools/ide/yagarto-gcc4.9/bin/../lib/gcc/arm-none-eabi/4.9.3/../../../../arm-none-eabi/lib/armv7-m\libg.a(lib_a-locale.o)
 .data.__mb_cur_max
                0x0001630c        0x4 d:/djytools/ide/yagarto-gcc4.9/bin/../lib/gcc/arm-none-eabi/4.9.3/../../../../arm-none-eabi/lib/armv7-m\libg.a(lib_a-locale.o)
                0x0001630c                __mb_cur_max
 .data.__wctomb
                0x00016310        0x4 d:/djytools/ide/yagarto-gcc4.9/bin/../lib/gcc/arm-none-eabi/4.9.3/../../../../arm-none-eabi/lib/armv7-m\libg.a(lib_a-wctomb_r.o)
                0x00016310                __wctomb

.data1
 *(.data1)
                0x00016314                _edata = .
                0x00016314                PROVIDE (edata, .)
                0x00016314                . = .
                0x00016314                __bss_start = .
                0x00016314                __bss_start__ = .

.bss            0x00016314       0x54
 *(.dynbss)
 *(.bss .bss.* .gnu.linkonce.b.*)
 .bss           0x00016314       0x1c d:/djytools/ide/yagarto-gcc4.9/bin/../lib/gcc/arm-none-eabi/4.9.3/armv7-m/crtbegin.o
 .bss.__malloc_max_total_mem
                0x00016330        0x4 d:/djytools/ide/yagarto-gcc4.9/bin/../lib/gcc/arm-none-eabi/4.9.3/../../../../arm-none-eabi/lib/armv7-m\libg.a(lib_a-mallocr.o)
                0x00016330                __malloc_max_total_mem
 .bss.__malloc_max_sbrked_mem
                0x00016334        0x4 d:/djytools/ide/yagarto-gcc4.9/bin/../lib/gcc/arm-none-eabi/4.9.3/../../../../arm-none-eabi/lib/armv7-m\libg.a(lib_a-mallocr.o)
                0x00016334                __malloc_max_sbrked_mem
 .bss.__malloc_top_pad
                0x00016338        0x4 d:/djytools/ide/yagarto-gcc4.9/bin/../lib/gcc/arm-none-eabi/4.9.3/../../../../arm-none-eabi/lib/armv7-m\libg.a(lib_a-mallocr.o)
                0x00016338                __malloc_top_pad
 .bss.__malloc_current_mallinfo
                0x0001633c       0x28 d:/djytools/ide/yagarto-gcc4.9/bin/../lib/gcc/arm-none-eabi/4.9.3/../../../../arm-none-eabi/lib/armv7-m\libg.a(lib_a-mallocr.o)
                0x0001633c                __malloc_current_mallinfo
 *(COMMON)
 COMMON         0x00016364        0x4 d:/djytools/ide/yagarto-gcc4.9/bin/../lib/gcc/arm-none-eabi/4.9.3/../../../../arm-none-eabi/lib/armv7-m\libg.a(lib_a-reent.o)
                0x00016364                errno
                0x00016368                . = ALIGN ((. != 0x0)?0x4:0x1)
                0x00016368                _bss_end__ = .
                0x00016368                __bss_end__ = .
                0x00016368                . = ALIGN (0x4)
                0x00016368                . = SEGMENT_START ("ldata-segment", .)
                0x00016368                . = ALIGN (0x4)
                0x00016368                __end__ = .
                0x00016368                _end = .
                0x00016368                PROVIDE (end, .)

.stab
 *(.stab)

.stabstr
 *(.stabstr)

.stab.excl
 *(.stab.excl)

.stab.exclstr
 *(.stab.exclstr)

.stab.index
 *(.stab.index)

.stab.indexstr
 *(.stab.indexstr)

.comment        0x00000000       0x70
 *(.comment)
 .comment       0x00000000       0x70 ./arraylist_link.o
                                 0x71 (size before relaxing)
 .comment       0x00000000       0x71 ./main.o

.debug
 *(.debug)

.line
 *(.line)

.debug_srcinfo
 *(.debug_srcinfo)

.debug_sfnames
 *(.debug_sfnames)

.debug_aranges  0x00000000       0x60
 *(.debug_aranges)
 .debug_aranges
                0x00000000       0x40 ./arraylist_link.o
 .debug_aranges
                0x00000040       0x20 ./main.o

.debug_pubnames
 *(.debug_pubnames)

.debug_info     0x00000000      0x504
 *(.debug_info .gnu.linkonce.wi.*)
 .debug_info    0x00000000      0x2f0 ./arraylist_link.o
 .debug_info    0x000002f0      0x214 ./main.o

.debug_abbrev   0x00000000      0x246
 *(.debug_abbrev)
 .debug_abbrev  0x00000000      0x15a ./arraylist_link.o
 .debug_abbrev  0x0000015a       0xec ./main.o

.debug_line     0x00000000      0x1c2
 *(.debug_line .debug_line.* .debug_line_end)
 .debug_line    0x00000000      0x168 ./arraylist_link.o
 .debug_line    0x00000168       0x5a ./main.o

.debug_frame    0x00000000     0x113c
 *(.debug_frame)
 .debug_frame   0x00000000       0x9c ./arraylist_link.o
 .debug_frame   0x0000009c       0x28 ./main.o
 .debug_frame   0x000000c4       0x28 d:/djytools/ide/yagarto-gcc4.9/bin/../lib/gcc/arm-none-eabi/4.9.3/../../../../arm-none-eabi/lib/armv7-m\libg.a(lib_a-exit.o)
 .debug_frame   0x000000ec       0x2c d:/djytools/ide/yagarto-gcc4.9/bin/../lib/gcc/arm-none-eabi/4.9.3/../../../../arm-none-eabi/lib/armv7-m\libg.a(lib_a-init.o)
 .debug_frame   0x00000118       0x30 d:/djytools/ide/yagarto-gcc4.9/bin/../lib/gcc/arm-none-eabi/4.9.3/../../../../arm-none-eabi/lib/armv7-m\libg.a(lib_a-malloc.o)
 .debug_frame   0x00000148       0x54 d:/djytools/ide/yagarto-gcc4.9/bin/../lib/gcc/arm-none-eabi/4.9.3/../../../../arm-none-eabi/lib/armv7-m\libg.a(lib_a-mallocr.o)
 .debug_frame   0x0000019c       0x34 d:/djytools/ide/yagarto-gcc4.9/bin/../lib/gcc/arm-none-eabi/4.9.3/../../../../arm-none-eabi/lib/armv7-m\libg.a(lib_a-memset.o)
 .debug_frame   0x000001d0       0x30 d:/djytools/ide/yagarto-gcc4.9/bin/../lib/gcc/arm-none-eabi/4.9.3/../../../../arm-none-eabi/lib/armv7-m\libg.a(lib_a-mlock.o)
 .debug_frame   0x00000200       0x78 d:/djytools/ide/yagarto-gcc4.9/bin/../lib/gcc/arm-none-eabi/4.9.3/../../../../arm-none-eabi/lib/armv7-m\libg.a(lib_a-printf.o)
 .debug_frame   0x00000278       0x2c d:/djytools/ide/yagarto-gcc4.9/bin/../lib/gcc/arm-none-eabi/4.9.3/../../../../arm-none-eabi/lib/armv7-m\libg.a(lib_a-sbrkr.o)
 .debug_frame   0x000002a4       0x90 d:/djytools/ide/yagarto-gcc4.9/bin/../lib/gcc/arm-none-eabi/4.9.3/../../../../arm-none-eabi/lib/armv7-m\libg.a(lib_a-vfprintf.o)
 .debug_frame   0x00000334       0x2c d:/djytools/ide/yagarto-gcc4.9/bin/../lib/gcc/arm-none-eabi/4.9.3/../../../../arm-none-eabi/lib/armv7-m\libg.a(lib_a-wsetup.o)
 .debug_frame   0x00000360       0x50 d:/djytools/ide/yagarto-gcc4.9/bin/../lib/gcc/arm-none-eabi/4.9.3/../../../../arm-none-eabi/lib/armv7-m\libg.a(lib_a-__call_atexit.o)
 .debug_frame   0x000003b0       0x20 d:/djytools/ide/yagarto-gcc4.9/bin/../lib/gcc/arm-none-eabi/4.9.3/../../../../arm-none-eabi/lib/armv7-m\libg.a(lib_a-atexit.o)
 .debug_frame   0x000003d0       0x84 d:/djytools/ide/yagarto-gcc4.9/bin/../lib/gcc/arm-none-eabi/4.9.3/../../../../arm-none-eabi/lib/armv7-m\libg.a(lib_a-dtoa.o)
 .debug_frame   0x00000454       0x6c d:/djytools/ide/yagarto-gcc4.9/bin/../lib/gcc/arm-none-eabi/4.9.3/../../../../arm-none-eabi/lib/armv7-m\libg.a(lib_a-fflush.o)
 .debug_frame   0x000004c0      0x124 d:/djytools/ide/yagarto-gcc4.9/bin/../lib/gcc/arm-none-eabi/4.9.3/../../../../arm-none-eabi/lib/armv7-m\libg.a(lib_a-findfp.o)
 .debug_frame   0x000005e4       0x34 d:/djytools/ide/yagarto-gcc4.9/bin/../lib/gcc/arm-none-eabi/4.9.3/../../../../arm-none-eabi/lib/armv7-m\libg.a(lib_a-fini.o)
 .debug_frame   0x00000618       0x74 d:/djytools/ide/yagarto-gcc4.9/bin/../lib/gcc/arm-none-eabi/4.9.3/../../../../arm-none-eabi/lib/armv7-m\libg.a(lib_a-freer.o)
 .debug_frame   0x0000068c       0x54 d:/djytools/ide/yagarto-gcc4.9/bin/../lib/gcc/arm-none-eabi/4.9.3/../../../../arm-none-eabi/lib/armv7-m\libg.a(lib_a-fwalk.o)
 .debug_frame   0x000006e0       0x9c d:/djytools/ide/yagarto-gcc4.9/bin/../lib/gcc/arm-none-eabi/4.9.3/../../../../arm-none-eabi/lib/armv7-m\libg.a(lib_a-locale.o)
 .debug_frame   0x0000077c       0x48 d:/djytools/ide/yagarto-gcc4.9/bin/../lib/gcc/arm-none-eabi/4.9.3/../../../../arm-none-eabi/lib/armv7-m\libg.a(lib_a-makebuf.o)
 .debug_frame   0x000007c4       0x3c d:/djytools/ide/yagarto-gcc4.9/bin/../lib/gcc/arm-none-eabi/4.9.3/../../../../arm-none-eabi/lib/armv7-m\libg.a(lib_a-memchr.o)
 .debug_frame   0x00000800      0x268 d:/djytools/ide/yagarto-gcc4.9/bin/../lib/gcc/arm-none-eabi/4.9.3/../../../../arm-none-eabi/lib/armv7-m\libg.a(lib_a-mprec.o)
 .debug_frame   0x00000a68       0x58 d:/djytools/ide/yagarto-gcc4.9/bin/../lib/gcc/arm-none-eabi/4.9.3/../../../../arm-none-eabi/lib/armv7-m\libg.a(lib_a-reent.o)
 .debug_frame   0x00000ac0       0x34 d:/djytools/ide/yagarto-gcc4.9/bin/../lib/gcc/arm-none-eabi/4.9.3/../../../../arm-none-eabi/lib/armv7-m\libg.a(lib_a-s_fpclassify.o)
 .debug_frame   0x00000af4       0x88 d:/djytools/ide/yagarto-gcc4.9/bin/../lib/gcc/arm-none-eabi/4.9.3/../../../../arm-none-eabi/lib/armv7-m\libg.a(lib_a-stdio.o)
 .debug_frame   0x00000b7c       0x20 d:/djytools/ide/yagarto-gcc4.9/bin/../lib/gcc/arm-none-eabi/4.9.3/../../../../arm-none-eabi/lib/armv7-m\libg.a(lib_a-strlen.o)
 .debug_frame   0x00000b9c       0xd8 d:/djytools/ide/yagarto-gcc4.9/bin/../lib/gcc/arm-none-eabi/4.9.3/../../../../arm-none-eabi/lib/armv7-m\libg.a(lib_a-vfiprintf.o)
 .debug_frame   0x00000c74       0x2c d:/djytools/ide/yagarto-gcc4.9/bin/../lib/gcc/arm-none-eabi/4.9.3/../../../../arm-none-eabi/lib/armv7-m\libg.a(lib_a-writer.o)
 .debug_frame   0x00000ca0       0x34 d:/djytools/ide/yagarto-gcc4.9/bin/../lib/gcc/arm-none-eabi/4.9.3/../../../../arm-none-eabi/lib/armv7-m\libg.a(lib_a-__atexit.o)
 .debug_frame   0x00000cd4       0x28 d:/djytools/ide/yagarto-gcc4.9/bin/../lib/gcc/arm-none-eabi/4.9.3/../../../../arm-none-eabi/lib/armv7-m\libg.a(lib_a-callocr.o)
 .debug_frame   0x00000cfc       0x2c d:/djytools/ide/yagarto-gcc4.9/bin/../lib/gcc/arm-none-eabi/4.9.3/../../../../arm-none-eabi/lib/armv7-m\libg.a(lib_a-closer.o)
 .debug_frame   0x00000d28       0x44 d:/djytools/ide/yagarto-gcc4.9/bin/../lib/gcc/arm-none-eabi/4.9.3/../../../../arm-none-eabi/lib/armv7-m\libg.a(lib_a-fclose.o)
 .debug_frame   0x00000d6c       0x68 d:/djytools/ide/yagarto-gcc4.9/bin/../lib/gcc/arm-none-eabi/4.9.3/../../../../arm-none-eabi/lib/armv7-m\libg.a(lib_a-fputwc.o)
 .debug_frame   0x00000dd4       0x2c d:/djytools/ide/yagarto-gcc4.9/bin/../lib/gcc/arm-none-eabi/4.9.3/../../../../arm-none-eabi/lib/armv7-m\libg.a(lib_a-fstatr.o)
 .debug_frame   0x00000e00       0x68 d:/djytools/ide/yagarto-gcc4.9/bin/../lib/gcc/arm-none-eabi/4.9.3/../../../../arm-none-eabi/lib/armv7-m\libg.a(lib_a-fvwrite.o)
 .debug_frame   0x00000e68       0x2c d:/djytools/ide/yagarto-gcc4.9/bin/../lib/gcc/arm-none-eabi/4.9.3/../../../../arm-none-eabi/lib/armv7-m\libg.a(lib_a-isattyr.o)
 .debug_frame   0x00000e94       0x2c d:/djytools/ide/yagarto-gcc4.9/bin/../lib/gcc/arm-none-eabi/4.9.3/../../../../arm-none-eabi/lib/armv7-m\libg.a(lib_a-lseekr.o)
 .debug_frame   0x00000ec0       0x30 d:/djytools/ide/yagarto-gcc4.9/bin/../lib/gcc/arm-none-eabi/4.9.3/../../../../arm-none-eabi/lib/armv7-m\libg.a(lib_a-memmove.o)
 .debug_frame   0x00000ef0       0x2c d:/djytools/ide/yagarto-gcc4.9/bin/../lib/gcc/arm-none-eabi/4.9.3/../../../../arm-none-eabi/lib/armv7-m\libg.a(lib_a-readr.o)
 .debug_frame   0x00000f1c       0x58 d:/djytools/ide/yagarto-gcc4.9/bin/../lib/gcc/arm-none-eabi/4.9.3/../../../../arm-none-eabi/lib/armv7-m\libg.a(lib_a-reallocr.o)
 .debug_frame   0x00000f74       0x3c d:/djytools/ide/yagarto-gcc4.9/bin/../lib/gcc/arm-none-eabi/4.9.3/../../../../arm-none-eabi/lib/armv7-m\libg.a(lib_a-wbuf.o)
 .debug_frame   0x00000fb0       0x60 d:/djytools/ide/yagarto-gcc4.9/bin/../lib/gcc/arm-none-eabi/4.9.3/../../../../arm-none-eabi/lib/armv7-m\libg.a(lib_a-wcrtomb.o)
 .debug_frame   0x00001010       0x48 d:/djytools/ide/yagarto-gcc4.9/bin/../lib/gcc/arm-none-eabi/4.9.3/../../../../arm-none-eabi/lib/armv7-m\libg.a(lib_a-wctomb_r.o)
 .debug_frame   0x00001058       0x28 d:/djytools/ide/yagarto-gcc4.9/bin/../lib/gcc/arm-none-eabi/4.9.3/armv7-m\libgcc.a(_aeabi_uldivmod.o)
 .debug_frame   0x00001080       0x54 d:/djytools/ide/yagarto-gcc4.9/bin/../lib/gcc/arm-none-eabi/4.9.3/armv7-m\libgcc.a(bpabi.o)
 .debug_frame   0x000010d4       0x34 d:/djytools/ide/yagarto-gcc4.9/bin/../lib/gcc/arm-none-eabi/4.9.3/armv7-m\libgcc.a(_divdi3.o)
 .debug_frame   0x00001108       0x34 d:/djytools/ide/yagarto-gcc4.9/bin/../lib/gcc/arm-none-eabi/4.9.3/armv7-m\libgcc.a(_udivdi3.o)

.debug_str      0x00000000      0x239
 *(.debug_str)
 .debug_str     0x00000000      0x22a ./arraylist_link.o
                                0x26d (size before relaxing)
 .debug_str     0x0000022a        0xf ./main.o
                                0x226 (size before relaxing)

.debug_loc      0x00000000      0x1de
 *(.debug_loc)
 .debug_loc     0x00000000      0x1c0 ./arraylist_link.o
 .debug_loc     0x000001c0       0x1e ./main.o

.debug_macinfo
 *(.debug_macinfo)

.debug_weaknames
 *(.debug_weaknames)

.debug_funcnames
 *(.debug_funcnames)

.debug_typenames
 *(.debug_typenames)

.debug_varnames
 *(.debug_varnames)

.debug_pubtypes
 *(.debug_pubtypes)

.debug_ranges   0x00000000       0x40
 *(.debug_ranges)
 .debug_ranges  0x00000000       0x30 ./arraylist_link.o
 .debug_ranges  0x00000030       0x10 ./main.o

.debug_macro
 *(.debug_macro)

.stack          0x00080000        0x0
                0x00080000                _stack = .
 *(.stack)

.ARM.attributes
                0x00000000       0x29
 *(.ARM.attributes)
 .ARM.attributes
                0x00000000       0x1d d:/djytools/ide/yagarto-gcc4.9/bin/../lib/gcc/arm-none-eabi/4.9.3/armv7-m/crti.o
 .ARM.attributes
                0x0000001d       0x2d d:/djytools/ide/yagarto-gcc4.9/bin/../lib/gcc/arm-none-eabi/4.9.3/armv7-m/crtbegin.o
 .ARM.attributes
                0x0000004a       0x1b d:/djytools/ide/yagarto-gcc4.9/bin/../lib/gcc/arm-none-eabi/4.9.3/../../../../arm-none-eabi/lib/armv7-m/crt0.o
 .ARM.attributes
                0x00000065       0x33 ./arraylist_link.o
 .ARM.attributes
                0x00000098       0x33 ./main.o
 .ARM.attributes
                0x000000cb       0x2d d:/djytools/ide/yagarto-gcc4.9/bin/../lib/gcc/arm-none-eabi/4.9.3/../../../../arm-none-eabi/lib/armv7-m\libg.a(lib_a-exit.o)
 .ARM.attributes
                0x000000f8       0x2d d:/djytools/ide/yagarto-gcc4.9/bin/../lib/gcc/arm-none-eabi/4.9.3/../../../../arm-none-eabi/lib/armv7-m\libg.a(lib_a-impure.o)
 .ARM.attributes
                0x00000125       0x2d d:/djytools/ide/yagarto-gcc4.9/bin/../lib/gcc/arm-none-eabi/4.9.3/../../../../arm-none-eabi/lib/armv7-m\libg.a(lib_a-init.o)
 .ARM.attributes
                0x00000152       0x2d d:/djytools/ide/yagarto-gcc4.9/bin/../lib/gcc/arm-none-eabi/4.9.3/../../../../arm-none-eabi/lib/armv7-m\libg.a(lib_a-malloc.o)
 .ARM.attributes
                0x0000017f       0x2d d:/djytools/ide/yagarto-gcc4.9/bin/../lib/gcc/arm-none-eabi/4.9.3/../../../../arm-none-eabi/lib/armv7-m\libg.a(lib_a-mallocr.o)
 .ARM.attributes
                0x000001ac       0x2d d:/djytools/ide/yagarto-gcc4.9/bin/../lib/gcc/arm-none-eabi/4.9.3/../../../../arm-none-eabi/lib/armv7-m\libg.a(lib_a-memset.o)
 .ARM.attributes
                0x000001d9       0x2d d:/djytools/ide/yagarto-gcc4.9/bin/../lib/gcc/arm-none-eabi/4.9.3/../../../../arm-none-eabi/lib/armv7-m\libg.a(lib_a-mlock.o)
 .ARM.attributes
                0x00000206       0x2d d:/djytools/ide/yagarto-gcc4.9/bin/../lib/gcc/arm-none-eabi/4.9.3/../../../../arm-none-eabi/lib/armv7-m\libg.a(lib_a-printf.o)
 .ARM.attributes
                0x00000233       0x2d d:/djytools/ide/yagarto-gcc4.9/bin/../lib/gcc/arm-none-eabi/4.9.3/../../../../arm-none-eabi/lib/armv7-m\libg.a(lib_a-sbrkr.o)
 .ARM.attributes
                0x00000260       0x2d d:/djytools/ide/yagarto-gcc4.9/bin/../lib/gcc/arm-none-eabi/4.9.3/../../../../arm-none-eabi/lib/armv7-m\libg.a(lib_a-vfprintf.o)
 .ARM.attributes
                0x0000028d       0x2d d:/djytools/ide/yagarto-gcc4.9/bin/../lib/gcc/arm-none-eabi/4.9.3/../../../../arm-none-eabi/lib/armv7-m\libg.a(lib_a-wsetup.o)
 .ARM.attributes
                0x000002ba       0x2d d:/djytools/ide/yagarto-gcc4.9/bin/../lib/gcc/arm-none-eabi/4.9.3/../../../../arm-none-eabi/lib/armv7-m\libg.a(lib_a-__call_atexit.o)
 .ARM.attributes
                0x000002e7       0x2d d:/djytools/ide/yagarto-gcc4.9/bin/../lib/gcc/arm-none-eabi/4.9.3/../../../../arm-none-eabi/lib/armv7-m\libg.a(lib_a-atexit.o)
 .ARM.attributes
                0x00000314       0x2d d:/djytools/ide/yagarto-gcc4.9/bin/../lib/gcc/arm-none-eabi/4.9.3/../../../../arm-none-eabi/lib/armv7-m\libg.a(lib_a-dtoa.o)
 .ARM.attributes
                0x00000341       0x2d d:/djytools/ide/yagarto-gcc4.9/bin/../lib/gcc/arm-none-eabi/4.9.3/../../../../arm-none-eabi/lib/armv7-m\libg.a(lib_a-fflush.o)
 .ARM.attributes
                0x0000036e       0x2d d:/djytools/ide/yagarto-gcc4.9/bin/../lib/gcc/arm-none-eabi/4.9.3/../../../../arm-none-eabi/lib/armv7-m\libg.a(lib_a-findfp.o)
 .ARM.attributes
                0x0000039b       0x2d d:/djytools/ide/yagarto-gcc4.9/bin/../lib/gcc/arm-none-eabi/4.9.3/../../../../arm-none-eabi/lib/armv7-m\libg.a(lib_a-fini.o)
 .ARM.attributes
                0x000003c8       0x2d d:/djytools/ide/yagarto-gcc4.9/bin/../lib/gcc/arm-none-eabi/4.9.3/../../../../arm-none-eabi/lib/armv7-m\libg.a(lib_a-freer.o)
 .ARM.attributes
                0x000003f5       0x2d d:/djytools/ide/yagarto-gcc4.9/bin/../lib/gcc/arm-none-eabi/4.9.3/../../../../arm-none-eabi/lib/armv7-m\libg.a(lib_a-fwalk.o)
 .ARM.attributes
                0x00000422       0x2d d:/djytools/ide/yagarto-gcc4.9/bin/../lib/gcc/arm-none-eabi/4.9.3/../../../../arm-none-eabi/lib/armv7-m\libg.a(lib_a-locale.o)
 .ARM.attributes
                0x0000044f       0x2d d:/djytools/ide/yagarto-gcc4.9/bin/../lib/gcc/arm-none-eabi/4.9.3/../../../../arm-none-eabi/lib/armv7-m\libg.a(lib_a-makebuf.o)
 .ARM.attributes
                0x0000047c       0x2d d:/djytools/ide/yagarto-gcc4.9/bin/../lib/gcc/arm-none-eabi/4.9.3/../../../../arm-none-eabi/lib/armv7-m\libg.a(lib_a-memchr.o)
 .ARM.attributes
                0x000004a9       0x1b d:/djytools/ide/yagarto-gcc4.9/bin/../lib/gcc/arm-none-eabi/4.9.3/../../../../arm-none-eabi/lib/armv7-m\libg.a(lib_a-memcpy.o)
 .ARM.attributes
                0x000004c4       0x2d d:/djytools/ide/yagarto-gcc4.9/bin/../lib/gcc/arm-none-eabi/4.9.3/../../../../arm-none-eabi/lib/armv7-m\libg.a(lib_a-mprec.o)
 .ARM.attributes
                0x000004f1       0x2d d:/djytools/ide/yagarto-gcc4.9/bin/../lib/gcc/arm-none-eabi/4.9.3/../../../../arm-none-eabi/lib/armv7-m\libg.a(lib_a-reent.o)
 .ARM.attributes
                0x0000051e       0x2d d:/djytools/ide/yagarto-gcc4.9/bin/../lib/gcc/arm-none-eabi/4.9.3/../../../../arm-none-eabi/lib/armv7-m\libg.a(lib_a-s_fpclassify.o)
 .ARM.attributes
                0x0000054b       0x2d d:/djytools/ide/yagarto-gcc4.9/bin/../lib/gcc/arm-none-eabi/4.9.3/../../../../arm-none-eabi/lib/armv7-m\libg.a(lib_a-stdio.o)
 .ARM.attributes
                0x00000578       0x1b d:/djytools/ide/yagarto-gcc4.9/bin/../lib/gcc/arm-none-eabi/4.9.3/../../../../arm-none-eabi/lib/armv7-m\libg.a(lib_a-strcmp.o)
 .ARM.attributes
                0x00000593       0x2d d:/djytools/ide/yagarto-gcc4.9/bin/../lib/gcc/arm-none-eabi/4.9.3/../../../../arm-none-eabi/lib/armv7-m\libg.a(lib_a-strlen.o)
 .ARM.attributes
                0x000005c0       0x2d d:/djytools/ide/yagarto-gcc4.9/bin/../lib/gcc/arm-none-eabi/4.9.3/../../../../arm-none-eabi/lib/armv7-m\libg.a(lib_a-vfiprintf.o)
 .ARM.attributes
                0x000005ed       0x2d d:/djytools/ide/yagarto-gcc4.9/bin/../lib/gcc/arm-none-eabi/4.9.3/../../../../arm-none-eabi/lib/armv7-m\libg.a(lib_a-writer.o)
 .ARM.attributes
                0x0000061a       0x2d d:/djytools/ide/yagarto-gcc4.9/bin/../lib/gcc/arm-none-eabi/4.9.3/../../../../arm-none-eabi/lib/armv7-m\libg.a(lib_a-__atexit.o)
 .ARM.attributes
                0x00000647       0x2d d:/djytools/ide/yagarto-gcc4.9/bin/../lib/gcc/arm-none-eabi/4.9.3/../../../../arm-none-eabi/lib/armv7-m\libg.a(lib_a-callocr.o)
 .ARM.attributes
                0x00000674       0x2d d:/djytools/ide/yagarto-gcc4.9/bin/../lib/gcc/arm-none-eabi/4.9.3/../../../../arm-none-eabi/lib/armv7-m\libg.a(lib_a-closer.o)
 .ARM.attributes
                0x000006a1       0x2d d:/djytools/ide/yagarto-gcc4.9/bin/../lib/gcc/arm-none-eabi/4.9.3/../../../../arm-none-eabi/lib/armv7-m\libg.a(lib_a-fclose.o)
 .ARM.attributes
                0x000006ce       0x2d d:/djytools/ide/yagarto-gcc4.9/bin/../lib/gcc/arm-none-eabi/4.9.3/../../../../arm-none-eabi/lib/armv7-m\libg.a(lib_a-fputwc.o)
 .ARM.attributes
                0x000006fb       0x2d d:/djytools/ide/yagarto-gcc4.9/bin/../lib/gcc/arm-none-eabi/4.9.3/../../../../arm-none-eabi/lib/armv7-m\libg.a(lib_a-fstatr.o)
 .ARM.attributes
                0x00000728       0x2d d:/djytools/ide/yagarto-gcc4.9/bin/../lib/gcc/arm-none-eabi/4.9.3/../../../../arm-none-eabi/lib/armv7-m\libg.a(lib_a-fvwrite.o)
 .ARM.attributes
                0x00000755       0x2d d:/djytools/ide/yagarto-gcc4.9/bin/../lib/gcc/arm-none-eabi/4.9.3/../../../../arm-none-eabi/lib/armv7-m\libg.a(lib_a-isattyr.o)
 .ARM.attributes
                0x00000782       0x2d d:/djytools/ide/yagarto-gcc4.9/bin/../lib/gcc/arm-none-eabi/4.9.3/../../../../arm-none-eabi/lib/armv7-m\libg.a(lib_a-lseekr.o)
 .ARM.attributes
                0x000007af       0x2d d:/djytools/ide/yagarto-gcc4.9/bin/../lib/gcc/arm-none-eabi/4.9.3/../../../../arm-none-eabi/lib/armv7-m\libg.a(lib_a-memmove.o)
 .ARM.attributes
                0x000007dc       0x2d d:/djytools/ide/yagarto-gcc4.9/bin/../lib/gcc/arm-none-eabi/4.9.3/../../../../arm-none-eabi/lib/armv7-m\libg.a(lib_a-readr.o)
 .ARM.attributes
                0x00000809       0x2d d:/djytools/ide/yagarto-gcc4.9/bin/../lib/gcc/arm-none-eabi/4.9.3/../../../../arm-none-eabi/lib/armv7-m\libg.a(lib_a-reallocr.o)
 .ARM.attributes
                0x00000836       0x2d d:/djytools/ide/yagarto-gcc4.9/bin/../lib/gcc/arm-none-eabi/4.9.3/../../../../arm-none-eabi/lib/armv7-m\libg.a(lib_a-wbuf.o)
 .ARM.attributes
                0x00000863       0x2d d:/djytools/ide/yagarto-gcc4.9/bin/../lib/gcc/arm-none-eabi/4.9.3/../../../../arm-none-eabi/lib/armv7-m\libg.a(lib_a-wcrtomb.o)
 .ARM.attributes
                0x00000890       0x2d d:/djytools/ide/yagarto-gcc4.9/bin/../lib/gcc/arm-none-eabi/4.9.3/../../../../arm-none-eabi/lib/armv7-m\libg.a(lib_a-wctomb_r.o)
 .ARM.attributes
                0x000008bd       0x1d d:/djytools/ide/yagarto-gcc4.9/bin/../lib/gcc/arm-none-eabi/4.9.3/armv7-m\libgcc.a(_arm_addsubdf3.o)
 .ARM.attributes
                0x000008da       0x1d d:/djytools/ide/yagarto-gcc4.9/bin/../lib/gcc/arm-none-eabi/4.9.3/armv7-m\libgcc.a(_arm_muldivdf3.o)
 .ARM.attributes
                0x000008f7       0x1d d:/djytools/ide/yagarto-gcc4.9/bin/../lib/gcc/arm-none-eabi/4.9.3/armv7-m\libgcc.a(_arm_cmpdf2.o)
 .ARM.attributes
                0x00000914       0x1d d:/djytools/ide/yagarto-gcc4.9/bin/../lib/gcc/arm-none-eabi/4.9.3/armv7-m\libgcc.a(_arm_fixdfsi.o)
 .ARM.attributes
                0x00000931       0x1d d:/djytools/ide/yagarto-gcc4.9/bin/../lib/gcc/arm-none-eabi/4.9.3/armv7-m\libgcc.a(_aeabi_uldivmod.o)
 .ARM.attributes
                0x0000094e       0x2d d:/djytools/ide/yagarto-gcc4.9/bin/../lib/gcc/arm-none-eabi/4.9.3/armv7-m\libgcc.a(bpabi.o)
 .ARM.attributes
                0x0000097b       0x1d d:/djytools/ide/yagarto-gcc4.9/bin/../lib/gcc/arm-none-eabi/4.9.3/armv7-m\libgcc.a(_dvmd_tls.o)
 .ARM.attributes
                0x00000998       0x2d d:/djytools/ide/yagarto-gcc4.9/bin/../lib/gcc/arm-none-eabi/4.9.3/armv7-m\libgcc.a(_divdi3.o)
 .ARM.attributes
                0x000009c5       0x2d d:/djytools/ide/yagarto-gcc4.9/bin/../lib/gcc/arm-none-eabi/4.9.3/armv7-m\libgcc.a(_udivdi3.o)
 .ARM.attributes
                0x000009f2       0x2d d:/djytools/ide/yagarto-gcc4.9/bin/../lib/gcc/arm-none-eabi/4.9.3/armv7-m/crtend.o
 .ARM.attributes
                0x00000a1f       0x1d d:/djytools/ide/yagarto-gcc4.9/bin/../lib/gcc/arm-none-eabi/4.9.3/armv7-m/crtn.o
 *(.gnu.attributes)

.note.gnu.arm.ident
 *(.note.gnu.arm.ident)

/DISCARD/
 *(.note.GNU-stack)
 *(.gnu_debuglink)
 *(.gnu.lto_*)
OUTPUT(Arraylist_link.elf elf32-littlearm)
